
OK  SurvEye dashboard created

    Questionnaire   Synthetic business survey ? review illustration
    Observations    240
    Sections        6 of 6
    Indicators      120 in 117 panels
    Filters         region sector size
    GPS map         240 valid; 0 omitted; 0 outside
    Saved           /mnt/data/surveye_work/surveye-2.3.2/examples/surveye_review_dashboard.html
    Flags           1 (shown inside the dashboard)


OK  SurvEye dashboard created

    Questionnaire   Synthetic business survey ? review illustration
    Observations    240
    Sections        6 of 6
    Indicators      120 in 117 panels
    Filters         region sector size filter_only_note
    GPS map         240 valid; 0 omitted; 0 outside
    Saved           /mnt/data/surveye_work/surveye-2.3.2/build/review-demo-privacy.html
    Flags           1 (shown inside the dashboard)


OK  SurvEye dashboard created

    Questionnaire   Synthetic business survey · review illustration
    Observations    240
    Sections        6 of 6
    Indicators      120 in 117 panels
    Filters         region sector size
    GPS map         240 valid; 0 omitted; 0 outside
    Saved           /mnt/data/surveye_work/surveye-2.3.2/examples/surveye_admin2_review.html


OK  SurvEye dashboard created

    Questionnaire   Synthetic business survey · review illustration
    Observations    240
    Sections        6 of 6
    Indicators      120 in 117 panels
    Filters         region sector size
    GPS map         238 valid; 2 omitted; 2 outside
    Saved           /mnt/data/surveye_work/surveye-2.3.2/build/diagnostic-dashboard.html
    Flags           2 (shown inside the dashboard)

